export const snapshot = {};

snapshot[`photos --help 1`] = `
[
  {
    data: [
      "
Usage: photos [photos...]

Description:

  Manage photos.

Options:

  -h, --help  - Show this help.                                   
  --copy      - Copy the EXIF from source JPG to other variants.  
  --json      - Output the EXIF information as JSON.              

Examples:

  photos                Lists all photos under current directory.
  photos [photo] --json Data for a photo with all variants.      
  photos [photo] --copy Copy EXIF data to all variants.          
",
    ],
    level: "log",
  },
]
`;

snapshot[`photos [photo] 1`] = `
[
  {
    data: [
      "ðŸ–¼  Floating Around",
    ],
    level: "log",
  },
]
`;

snapshot[`photos [photos] 1`] = `
[
  {
    data: [
      "ðŸ–¼  Floating Around",
    ],
    level: "log",
  },
  {
    data: [
      "ðŸ–¼  Winter Pause [%cpost-1.jpg:title post-1.jpg:keywords post-1.jpg:date post-1.jpg:location post-1.jpg:city post-1.jpg:state post-1.jpg:country post-1.jpg:camera post-1.jpg:lens post-1.jpg:software post-1.jpg:license post-2.jpg:title post-2.jpg:keywords post-2.jpg:date post-2.jpg:location post-2.jpg:city post-2.jpg:state post-2.jpg:country post-2.jpg:camera post-2.jpg:lens post-2.jpg:software post-2.jpg:license square.jpg:title square.jpg:keywords square.jpg:date square.jpg:location square.jpg:city square.jpg:state square.jpg:country square.jpg:camera square.jpg:lens square.jpg:software square.jpg:license wide.jpg:title wide.jpg:keywords wide.jpg:date wide.jpg:location wide.jpg:city wide.jpg:state wide.jpg:country wide.jpg:camera wide.jpg:lens wide.jpg:software wide.jpg:license%c]",
      "color: yellow",
      "color: reset",
    ],
    level: "log",
  },
]
`;

snapshot[`photos [file] 1`] = `
[
  {
    data: [
      "ðŸ–¼  Floating Around",
    ],
    level: "log",
  },
]
`;

snapshot[`photos [photo] --json 1`] = `
[
  {
    data: [
      '{"id":"floating-around","src":"photos/testdata/floating-around/source.jpg","width":240,"height":180,"title":"Floating Around","description":"Four jellyfish with translucent bodies and long tentacles float gracefully against a vivid background in an aquarium setting.","keywords":["California Academy Of Sciences","Translucent Bodies","Long Tentacles","Float Gracefully","Vivid Background","Aquarium Setting","Marine Life","Underwater World","Ocean Creatures","Exotic Jellyfish","Aquatic Environment","Sea Life","Ethereal Beauty","Marine Biology","Underwater Exploration","Aquatic Creatures","Jellyfish Swimming","Oceanic Wildlife","Marine Exhibit","Horizontal","No People","Photography","Jellyfish","Underwater","Water","Blue","Undersea","Sea","Nature","Animal Themes","Animal Wildlife","Swimming","Tentacle"],"date":"2023-12-10T14:28:09-08:00","location":"California Academy of Sciences","city":"San Francisco","state":"California","country":"United States","camera":"Apple iPhone 13 mini","lens":"iPhone 13 mini back dual wide camera 5.1mm f/1.6","software":"Affinity Photo 2 2.5.7","license":"https://creativecommons.org/licenses/by/4.0/","variants":[{"src":"photos/testdata/floating-around/post-1.jpg","width":108,"height":135,"description":"Four jellyfish with translucent bodies and long tentacles float gracefully against a vivid background in an aquarium setting (image 1)."},{"src":"photos/testdata/floating-around/post-2.jpg","width":108,"height":135,"description":"Four jellyfish with translucent bodies and long tentacles float gracefully against a vivid background in an aquarium setting (image 2)."},{"src":"photos/testdata/floating-around/square.jpg","width":180,"height":180},{"src":"photos/testdata/floating-around/story.jpg","width":108,"height":192},{"src":"photos/testdata/floating-around/wide.jpg","width":320,"height":180}]}',
    ],
    level: "log",
  },
]
`;

snapshot[`photos [photo] --copy 1`] = `
[
  {
    data: [
      "ðŸ–¼  Winter Pause [%cpost-1.jpg:title post-1.jpg:keywords post-1.jpg:date post-1.jpg:location post-1.jpg:city post-1.jpg:state post-1.jpg:country post-1.jpg:camera post-1.jpg:lens post-1.jpg:software post-1.jpg:license post-2.jpg:title post-2.jpg:keywords post-2.jpg:date post-2.jpg:location post-2.jpg:city post-2.jpg:state post-2.jpg:country post-2.jpg:camera post-2.jpg:lens post-2.jpg:software post-2.jpg:license square.jpg:title square.jpg:keywords square.jpg:date square.jpg:location square.jpg:city square.jpg:state square.jpg:country square.jpg:camera square.jpg:lens square.jpg:software square.jpg:license wide.jpg:title wide.jpg:keywords wide.jpg:date wide.jpg:location wide.jpg:city wide.jpg:state wide.jpg:country wide.jpg:camera wide.jpg:lens wide.jpg:software wide.jpg:license%c]",
      "color: yellow",
      "color: reset",
    ],
    level: "log",
  },
]
`;

snapshot[`photos [photo] --copy 2`] = `
[
  {
    data: [
      "ðŸ–¼  Winter Pause",
    ],
    level: "log",
  },
]
`;

snapshot[`photos [photo] --copy 3`] = `
[
  {
    data: [
      "ðŸ–¼  Winter Pause",
    ],
    level: "log",
  },
]
`;
